// Jest Snapshot v1, https://goo.gl/fbAQLP

exports[`Scaffold Core can update scaffold Cache file 1`] = `
"exports[\`/write/back\`] = {
  url: \\"https://localhost:8080/patterns/component\\",
  test: \\"../../load.test.ts\\",
  template: \\"<body><strong>Test</strong></body>\\"
}

exports[\`another case\`] = {
  url: \\"https://localhost:8080/patterns/component\\",
  test: \\"../../load.test.ts\\",
  template: \\"<body><strong>Test</strong></body>\\"
}

"
`;

exports[`Scaffold Core throws an Error when URL is rejected by fetch 1`] = `"Fetch Error"`;

exports[`Scaffold Core throws an Error when failing to load from Cache file 1`] = `"Failed to load Scaffold from URL 'https://localhost:8080/patterns/component' from file 'index.test.scaffold.js'."`;

exports[`Scaffold Core throws an Error when failing to load from URL 1`] = `"Failed to load Scaffold from URL 'https://localhost:8080/patterns/component'."`;
